himoe-vla-cache/himoe-libero-bridge
himoe-vla-cache/vla-adapter-repro
moe-trap-control/design/raw-tarballs-20260909
.tokaxis_null_A.npy
.tokaxis_null_B.npy
.tokaxis_grid_B_d5.csv
.tokaxis_grid_A_d9.csv
.tokaxis_grid_A_d0.csv
.tokaxis_grid_B_d9.csv
.tokaxis_grid_B_d0.csv
.tokaxis_grid_A_d5.csv
.tokaxis_signcheck.csv
.tokaxis_report.txt
online-servers
moe-cusum-capfree-0906
moe-method-synthesis-0906
agg_placement
denoise_axis_cube_A.npz
denoise_axis_cube_B.npz
.tokaxis_A_d0.npz
.tokaxis_A_d5.npz
.tokaxis_A_d9.npz
analysis_mdp
.tokaxis_B_d0.npz
.tokaxis_B_d5.npz
runs-trunc-pilot
.tokaxis_B_d9.npz
arXiv-2512.05693v2.tar.gz
VLA_MUI_HUB/moe-motion-diagnostics
analysis_cusum
analysis_triggered_fork
viz
VLA_MUI_HUB/moe-replan-boundary-trainfree
VLA_MUI_HUB/moe-failure-alarm
analysis_phasecls
moe-v7-0905
analysis_signal_matrix_trainfree
moe-failure-mode-detectors-0906
moe-boundary-head-0906
himoe-routing-rules-20260819
himoe-routing-rules-20260819.tar.gz
VLA_MUI_HUB/moe-history-only
VLA_MUI_HUB/moe-token-position-pca
VLA_MUI_HUB/moe-physical-failure-dynamics
moe-distance-ablation-0906
moe-progress-ratio-v12-0906
moe-assurance-v8-0905
demo
VLA_MUI_HUB/moe-token-dynamics
analysis_moe_execution_signals
himoe-env-ab
moe-coupling-circuit-0906
moe-v8-0906
moe-v9-0906
moe-graph-homeostasis-v10-0905
himoe-paper-ab
moe-hb-front-back-0905
moe-longlead-search-0906
analysis_future
moe-unified-detector-0906
moe-v4-0904
MoE-probality
analysis_stat_axis
moe-early-window-0906
himoe-vla-linemoe
double-selete
.layer_axis_cache
moe-circuit-analogy-0906
moe-unused-channels-0906
moe-feedback-responsiveness-0905
trap-recovery-depth-20260904
moe-invariants-0906
analysis_events
analysis_moe_phenotype
rerun-2026-08-27
himoe-vla_trap
moe-routing-transfer-v11-0905
himoe-vla_control
moe-token-geometry-0906
analysis_ssm
moe-dynamic-assurance-v9-0905
VLA_MUI_HUB/cache
safe&vlaconf
MoE-grammar
moe-flow-semantics-0906
himoe-route-capture
moe-state-channel-0906
VLA_MUI_HUB/cache_new/HiMoE-VLA
moe-trap-control/design
